// Vitest Snapshot v1, https://vitest.dev/guide/snapshot.html

exports[`ListItem > should match snapshot 1`] = `
<div
  className="_item_21adc7"
>
  <div
    className="_icon_21adc7"
  >
    <svg
      aria-hidden="true"
      className="svg-inline--fa fa-css3-alt fa-w-12 _icon_585b29 _iconSm_585b29"
      data-icon="css3-alt"
      data-prefix="fab"
      focusable="false"
      role="img"
      style={{}}
      viewBox="0 0 384 512"
      xmlns="http://www.w3.org/2000/svg"
    >
      <path
        d="M0 32l34.9 395.8L192 480l157.1-52.2L384 32H0zm313.1 80l-4.8 47.3L193 208.6l-.3.1h111.5l-12.8 146.6-98.2 28.7-98.8-29.2-6.4-73.9h48.9l3.2 38.3 52.6 13.3 54.7-15.4 3.7-61.6-166.3-.5v-.1l-.2.1-3.6-46.3L193.1 162l6.5-2.7H76.7L70.9 112h242.2z"
        fill="currentColor"
        style={{}}
      />
    </svg>
  </div>
  <div
    className="_content_21adc7"
  >
    <h3
      className="_title_21adc7"
    >
      title
    </h3>
    <ul
      className="_labels_591528 _isLarge_591528 _isCentered_591528"
      data-test="labels"
    >
      <li
        className="_label_103219 _isTertiary_103219 _isLarge_103219"
      >
        list name 1
      </li>
      <li
        className="_label_103219 _isTertiary_103219 _isLarge_103219"
      >
        list name 2
      </li>
    </ul>
  </div>
</div>
`;
