// Jest Snapshot v1, https://goo.gl/fbAQLP

exports[`ListItems should match snapshot 1`] = `
<DocumentFragment>
  <div
    class="items"
  >
    <div
      class="item"
      data-testid="list-item"
    >
      <div
        class="icon"
      >
        <svg
          aria-hidden="true"
          class="svg-inline--fa fa-css3-alt fa-w-12 icon iconSm"
          data-icon="css3-alt"
          data-prefix="fab"
          data-testid="icon"
          focusable="false"
          role="img"
          viewBox="0 0 384 512"
          xmlns="http://www.w3.org/2000/svg"
        >
          <path
            d="M0 32l34.9 395.8L192 480l157.1-52.2L384 32H0zm313.1 80l-4.8 47.3L193 208.6l-.3.1h111.5l-12.8 146.6-98.2 28.7-98.8-29.2-6.4-73.9h48.9l3.2 38.3 52.6 13.3 54.7-15.4 3.7-61.6-166.3-.5v-.1l-.2.1-3.6-46.3L193.1 162l6.5-2.7H76.7L70.9 112h242.2z"
            fill="currentColor"
          />
        </svg>
      </div>
      <div
        class="content"
      >
        <h3
          class="title"
        >
          title 1
        </h3>
        <ul
          class="labels isLarge isCentered"
          data-testid="labels"
        >
          <li
            class="label isTertiary isLarge"
            data-testid="label"
          >
            list name 1
          </li>
        </ul>
      </div>
    </div>
    <div
      class="item"
      data-testid="list-item"
    >
      <div
        class="icon"
      >
        <svg
          aria-hidden="true"
          class="svg-inline--fa fa-css3-alt fa-w-12 icon iconSm"
          data-icon="css3-alt"
          data-prefix="fab"
          data-testid="icon"
          focusable="false"
          role="img"
          viewBox="0 0 384 512"
          xmlns="http://www.w3.org/2000/svg"
        >
          <path
            d="M0 32l34.9 395.8L192 480l157.1-52.2L384 32H0zm313.1 80l-4.8 47.3L193 208.6l-.3.1h111.5l-12.8 146.6-98.2 28.7-98.8-29.2-6.4-73.9h48.9l3.2 38.3 52.6 13.3 54.7-15.4 3.7-61.6-166.3-.5v-.1l-.2.1-3.6-46.3L193.1 162l6.5-2.7H76.7L70.9 112h242.2z"
            fill="currentColor"
          />
        </svg>
      </div>
      <div
        class="content"
      >
        <h3
          class="title"
        >
          title 2
        </h3>
        <ul
          class="labels isLarge isCentered"
          data-testid="labels"
        >
          <li
            class="label isTertiary isLarge"
            data-testid="label"
          >
            list name 2
          </li>
        </ul>
      </div>
    </div>
  </div>
</DocumentFragment>
`;
