// Jest Snapshot v1, https://goo.gl/fbAQLP

exports[`PortfolioItem should match snapshot 1`] = `
<div
  className="portfolioItem"
>
  <div
    className="cube"
    style={Object {}}
  >
    <div
      className="browser"
    >
      <div
        className="bar"
      >
        <div
          className="icons"
        >
          <div
            className="icon"
          />
          <div
            className="icon"
          />
          <div
            className="icon"
          />
        </div>
        <div
          className="tab"
        >
          Title
        </div>
      </div>
      <div>
        <span>
          Â 
        </span>
      </div>
    </div>
    <div
      className="info"
    >
      <h3
        className="title"
      >
        Title
      </h3>
      <p
        className="description"
      >
        Description
      </p>
      <div
        className="buttons"
      >
        <a
          className="btn"
          href="url.com"
          rel="noopener noreferrer"
          target="_blank"
          title="Visit website"
        >
          Visit website
        </a>
        <a
          className="btn"
          href="source"
          rel="noopener noreferrer"
          target="_blank"
          title="View Souce"
        >
          View source
        </a>
      </div>
    </div>
  </div>
  <div
    className="tech"
    data-test="portfolio-tech"
  >
    <div
      className="label secondary"
    >
      2020
    </div>
    <div
      className="label primary"
    >
      Tech
    </div>
    <div
      className="label primary"
    >
      Tech 2
    </div>
  </div>
</div>
`;
