// Jest Snapshot v1, https://goo.gl/fbAQLP

exports[`SvgImage should match snapshot 1`] = `
<img
  alt="test name"
  className="img"
  loading="lazy"
  src="test src"
  title="test name"
  width="20"
/>
`;
