// Vitest Snapshot v1, https://vitest.dev/guide/snapshot.html

exports[`Image > should match snapshot 1`] = `
<div
  className="container"
>
  <img
    alt="alt text"
    className="image"
    loading="lazy"
    src="file:///H:/projects/portfolio/src/components/Image/__tests__/img/test.jpg"
    title="alt text"
    width="50"
  />
</div>
`;
