// Vitest Snapshot v1, https://vitest.dev/guide/snapshot.html

exports[`Counter > should match snapshot 1`] = `"0"`;
