// Jest Snapshot v1, https://goo.gl/fbAQLP

exports[`Counter should match snapshot 1`] = `
<DocumentFragment>
  0
</DocumentFragment>
`;
