// Jest Snapshot v1, https://goo.gl/fbAQLP

exports[`TestimonialsItem should match snapshot 1`] = `
<DocumentFragment>
  <p
    class="text"
  >
    Description
  </p>
  <p
    class="name"
  >
    Author (Position)
  </p>
  <p
    class="company"
  >
    Company
  </p>
</DocumentFragment>
`;
