// Jest Snapshot v1, https://goo.gl/fbAQLP

exports[`Hamburger should match snapshot 1`] = `
<button
  className="hamburger"
  data-e2e="hambuger"
  onClick={[Function]}
  type="button"
>
  <span
    className="hamburger__menu"
  >
    toggle menu
  </span>
</button>
`;
