// Jest Snapshot v1, https://goo.gl/fbAQLP

exports[`Copyright should match snapshot 1`] = `
<p
  className="copyright"
>
  Â© 
  2019
  <br />
  Tim Mansell
</p>
`;
