// Vitest Snapshot v1, https://vitest.dev/guide/snapshot.html

exports[`Copyright > should match snapshot 1`] = `
<p
  className="copyright"
>
  Â© 
  2023
  <br />
  Tim Mansell
</p>
`;
