// Jest Snapshot v1, https://goo.gl/fbAQLP

exports[`Name should match snapshot 1`] = `
<DocumentFragment>
  <div
    data-e2e="fading-content"
    style="opacity: 1;"
  >
    <h1
      class="name"
    >
      I'm Tim Mansell
    </h1>
  </div>
</DocumentFragment>
`;
