// Jest Snapshot v1, https://goo.gl/fbAQLP

exports[`Tagline should match snapshot 1`] = `
<div
  className="tagline"
>
  <div>
    Front-end Engineer
  </div>
</div>
`;
