// Jest Snapshot v1, https://goo.gl/fbAQLP

exports[`Section should match snapshot 1`] = `
<section
  className="section-wrap"
  id=""
>
  <div
    className="container"
  />
</section>
`;
