// Jest Snapshot v1, https://goo.gl/fbAQLP

exports[`HeroOverlay should match snapshot 1`] = `
<DocumentFragment>
  <div
    class="overlay"
  />
</DocumentFragment>
`;
