// Jest Snapshot v1, https://goo.gl/fbAQLP

exports[`ShuffleContent should match snapshot 1`] = `
<div>
  &lt;p&gt;Text&lt;/p&gt;
</div>
`;
