// Jest Snapshot v1, https://goo.gl/fbAQLP

exports[`Section should match snapshot 1`] = `
<section
  className="section bgPrimary"
  id="test"
>
  <div
    className="container"
  >
    <p>
      test
    </p>
  </div>
</section>
`;
