// Jest Snapshot v1, https://goo.gl/fbAQLP

exports[`CurrentStackItems should match snapshot 1`] = `
<div
  className="stack"
  data-test="stack-items"
>
  <div
    className="item"
  >
    <a
      data-test="stack-item-link"
      href="url"
      rel="noopener noreferrer"
      target="_blank"
    >
      <div
        className="container"
      >
        <img
          alt="react"
          className="image"
          loading="lazy"
          src={
            Object {
              "ReactComponent": Object {
                "$$typeof": Symbol(react.forward_ref),
                "render": [Function],
              },
              "__esModule": true,
              "default": "react.svg",
            }
          }
          title="react"
          width="65"
        />
      </div>
    </a>
  </div>
  <div
    className="item"
  >
    <a
      data-test="stack-item-link"
      href="url"
      rel="noopener noreferrer"
      target="_blank"
    >
      <div
        className="container"
      >
        <img
          alt="nodejs"
          className="image"
          loading="lazy"
          src={
            Object {
              "ReactComponent": Object {
                "$$typeof": Symbol(react.forward_ref),
                "render": [Function],
              },
              "__esModule": true,
              "default": "nodejs.svg",
            }
          }
          title="nodejs"
          width="90"
        />
      </div>
    </a>
  </div>
</div>
`;
