// Jest Snapshot v1, https://goo.gl/fbAQLP

exports[`Label should match snapshot 1`] = `
<li
  className="label isPrimary"
>
  test label
</li>
`;
