// Jest Snapshot v1, https://goo.gl/fbAQLP

exports[`Hi should match snapshot 1`] = `
<DocumentFragment>
  <div
    class="hi"
  >
    Hi!
  </div>
</DocumentFragment>
`;
