// Vitest Snapshot v1, https://vitest.dev/guide/snapshot.html

exports[`Hi > should match snapshot 1`] = `
<div
  className="hi"
>
  Hi!
</div>
`;
