// Vitest Snapshot v1, https://vitest.dev/guide/snapshot.html

exports[`Location > should match snapshot 1`] = `
<div
  className="location"
>
  Melbourne, Australia
</div>
`;
