// Jest Snapshot v1, https://goo.gl/fbAQLP

exports[`Location should match snapshot 1`] = `
<DocumentFragment>
  <div
    class="location"
  >
    Melbourne, Australia
  </div>
</DocumentFragment>
`;
